============================= test session starts =============================
platform win32 -- Python 3.13.5, pytest-8.4.1, pluggy-1.6.0
rootdir: D:\deep think\deep-think-evolving
configfile: pytest.ini
plugins: anyio-4.9.0, langsmith-0.4.4, asyncio-1.3.0
asyncio: mode=Mode.STRICT, debug=False, asyncio_default_fixture_loop_scope=None, asyncio_default_test_loop_scope=function
collected 6 items

tests\test_math_core.py .F....                                           [100%]

================================== FAILURES ===================================
_______________________ TestKDE.test_log_density_stable _______________________

self = <test_math_core.TestKDE object at 0x00000261A926E710>

    def test_log_density_stable(self):
        # Test numerical stability with log density
        points = np.array([[0.0], [10.0]])
        log_densities = gaussian_kernel_log_density(points, bandwidth=0.1)
    
        # log p(0) should be around log(1/2 * (K(0) + K(10))) ~ log(0.5 * K(0))
        # log p(10) same by symmetry
        assert np.isclose(log_densities[0], log_densities[1])
>       assert log_densities[0] < 0 # Should be negative prob
        ^^^^^^^^^^^^^^^^^^^^^^^^^^^
E       assert np.float64(0.6904993792294275) < 0

tests\test_math_core.py:26: AssertionError
=========================== short test summary info ===========================
FAILED tests/test_math_core.py::TestKDE::test_log_density_stable - assert np....
========================= 1 failed, 5 passed in 0.37s =========================
